// Jest Snapshot v1, https://goo.gl/fbAQLP

exports[`renders homepage unchanged 1`] = `
<div>
  <div
    class="flex justify-center items-center flex-col min-h-screen font-mono"
  >
    <header>
      <nav
        class="bg-gray-800 w-screen"
      >
        <div
          class="flex items-center pl-8 h-14"
        >
          <div
            class="flex space-x-4"
          >
            <a
              class="text-gray-300 hover:bg-gray-700 px-3 py-2 rounded"
              data-testid="home-nav"
              href="/"
            >
              Home
            </a>
            <a
              class="text-gray-300 hover:bg-gray-700 px-3 py-2 rounded"
              data-testid="blog-nav"
              href="/blog-page"
            >
              Blog
            </a>
            <a
              class="text-gray-300 hover:bg-gray-700 px-3 py-2 rounded"
              data-testid="comment-nav"
              href="/comment-page"
            >
              Comment
            </a>
            <a
              class="text-gray-300 hover:bg-gray-700 px-3 py-2 rounded"
              data-testid="context-nav"
              href="/context-page"
            >
              Context
            </a>
            <a
              class="text-gray-300 hover:bg-gray-700 px-3 py-2 rounded"
              data-testid="task-nav"
              href="/task-page"
            >
              Todos
            </a>
          </div>
        </div>
      </nav>
    </header>
    <main
      class="flex flex-1 justify-center items-center flex-col w-screen"
    >
      <p
        class="text-4xl"
      >
        Welcome to Nextjs
      </p>
    </main>
    <footer
      class="w-full h-12 flex justify-center items-center border-t"
    >
      <a
        class="flex items-center"
        href="https://vercel.com?utm_source=create-next-app&utm_medium=default-template&utm_campaign=create-next-app"
        rel="noopener noreferrer"
        target="_blank"
      >
        Powered by
        <img
          alt="Vercel Logo"
          data-nimg="1"
          decoding="async"
          height="16"
          loading="lazy"
          src="/vercel.svg"
          style="color: transparent;"
          width="72"
        />
      </a>
    </footer>
  </div>
</div>
`;
